// Jest Snapshot v1, https://goo.gl/fbAQLP

exports[`Home component renders correctly 1`] = `
<RNCSafeAreaView
  edges={
    {
      "bottom": "additive",
      "left": "additive",
      "right": "additive",
      "top": "additive",
    }
  }
  style={
    {
      "backgroundColor": "#fff",
      "flex": 1,
    }
  }
>
  <RCTScrollView>
    <View>
      <View
        style={
          {
            "alignItems": "center",
            "display": "flex",
            "justifyContent": "center",
          }
        }
      >
        <View>
          <View
            style={
              {
                "alignItems": "center",
                "display": "flex",
                "justifyContent": "center",
              }
            }
          >
            <View
              style={
                {
                  "alignItems": "center",
                  "backgroundColor": "#d9d9d9",
                  "borderRadius": 30,
                  "flexDirection": "row",
                  "height": 56,
                  "marginTop": 40,
                  "paddingLeft": 40,
                  "width": 327,
                }
              }
            >
              <View
                accessibilityState={
                  {
                    "busy": undefined,
                    "checked": undefined,
                    "disabled": undefined,
                    "expanded": undefined,
                    "selected": undefined,
                  }
                }
                accessibilityValue={
                  {
                    "max": undefined,
                    "min": undefined,
                    "now": undefined,
                    "text": undefined,
                  }
                }
                accessible={true}
                collapsable={false}
                focusable={true}
                onClick={[Function]}
                onResponderGrant={[Function]}
                onResponderMove={[Function]}
                onResponderRelease={[Function]}
                onResponderTerminate={[Function]}
                onResponderTerminationRequest={[Function]}
                onStartShouldSetResponder={[Function]}
                style={
                  {
                    "alignItems": "center",
                    "backgroundColor": "#d9d9d9",
                    "borderRadius": 32,
                    "height": 48,
                    "marginVertical": 5,
                    "opacity": 1,
                    "padding": 10,
                    "width": 68,
                  }
                }
              >
                <View
                  style={
                    {
                      "alignItems": "center",
                      "display": "flex",
                      "flexDirection": "row",
                      "gap": 12,
                    }
                  }
                >
                  <FontAwesome
                    color="#888"
                    name="search"
                    size={20}
                    style={
                      {
                        "height": 24,
                        "width": 24,
                      }
                    }
                  />
                  <Text
                    style={
                      {
                        "color": "rgba(159, 165, 192, 1)",
                        "fontSize": 15,
                        "fontWeight": "500",
                        "height": 18,
                        "letterSpacing": 0.7,
                        "lineHeight": 18.15,
                        "width": 71,
                      }
                    }
                  >
                    Search...
                  </Text>
                </View>
              </View>
            </View>
          </View>
        </View>
      </View>
      <View
        style={
          {
            "height": 27,
            "marginLeft": 37,
            "marginTop": 20,
            "marginVertical": 20,
            "width": 82,
          }
        }
      >
        <Text
          style={
            {
              "color": "#3E5481",
              "fontSize": 17,
              "fontWeight": "700",
              "letterSpacing": 0.5,
              "lineHeight": 27,
            }
          }
        >
          Category
        </Text>
      </View>
      <View
        style={
          {
            "display": "flex",
            "flexDirection": "row",
            "gap": 10,
            "marginLeft": 14,
            "paddingHorizontal": 20,
            "paddingVertical": 0,
          }
        }
      >
        <View
          accessibilityState={
            {
              "busy": undefined,
              "checked": undefined,
              "disabled": undefined,
              "expanded": undefined,
              "selected": undefined,
            }
          }
          accessibilityValue={
            {
              "max": undefined,
              "min": undefined,
              "now": undefined,
              "text": undefined,
            }
          }
          accessible={true}
          collapsable={false}
          focusable={true}
          onClick={[Function]}
          onResponderGrant={[Function]}
          onResponderMove={[Function]}
          onResponderRelease={[Function]}
          onResponderTerminate={[Function]}
          onResponderTerminationRequest={[Function]}
          onStartShouldSetResponder={[Function]}
          style={
            {
              "alignItems": "center",
              "backgroundColor": "#1FCC79",
              "borderRadius": 32,
              "height": 48,
              "marginVertical": 5,
              "opacity": 1,
              "padding": 10,
              "width": 68,
            }
          }
        >
          <Text
            style={
              {
                "color": "#000",
                "fontSize": 16,
                "textAlign": "center",
              }
            }
          >
            All
          </Text>
        </View>
        <View
          accessibilityState={
            {
              "busy": undefined,
              "checked": undefined,
              "disabled": undefined,
              "expanded": undefined,
              "selected": undefined,
            }
          }
          accessibilityValue={
            {
              "max": undefined,
              "min": undefined,
              "now": undefined,
              "text": undefined,
            }
          }
          accessible={true}
          collapsable={false}
          focusable={true}
          onClick={[Function]}
          onResponderGrant={[Function]}
          onResponderMove={[Function]}
          onResponderRelease={[Function]}
          onResponderTerminate={[Function]}
          onResponderTerminationRequest={[Function]}
          onStartShouldSetResponder={[Function]}
          style={
            {
              "alignItems": "center",
              "backgroundColor": "#d9d9d9",
              "borderRadius": 32,
              "height": 48,
              "marginVertical": 5,
              "opacity": 1,
              "padding": 10,
              "width": 86,
            }
          }
        >
          <Text
            style={
              {
                "color": "#000",
                "fontSize": 16,
                "textAlign": "center",
              }
            }
          >
            Food
          </Text>
        </View>
        <View
          accessibilityState={
            {
              "busy": undefined,
              "checked": undefined,
              "disabled": undefined,
              "expanded": undefined,
              "selected": undefined,
            }
          }
          accessibilityValue={
            {
              "max": undefined,
              "min": undefined,
              "now": undefined,
              "text": undefined,
            }
          }
          accessible={true}
          collapsable={false}
          focusable={true}
          onClick={[Function]}
          onResponderGrant={[Function]}
          onResponderMove={[Function]}
          onResponderRelease={[Function]}
          onResponderTerminate={[Function]}
          onResponderTerminationRequest={[Function]}
          onStartShouldSetResponder={[Function]}
          style={
            {
              "alignItems": "center",
              "backgroundColor": "#d9d9d9",
              "borderRadius": 32,
              "height": 48,
              "marginVertical": 5,
              "opacity": 1,
              "padding": 10,
              "width": 98,
            }
          }
        >
          <Text
            style={
              {
                "color": "#000",
                "fontSize": 16,
                "textAlign": "center",
              }
            }
          >
            Drinks
          </Text>
        </View>
      </View>
      <View
        style={
          {
            "alignItems": "center",
            "backgroundColor": "#d9d9d9",
            "display": "flex",
            "height": 37,
            "justifyContent": "center",
            "marginTop": 23,
          }
        }
      >
        <Text
          style={
            {
              "color": "rgba(62, 84, 129, 1)",
              "fontSize": 15,
              "fontWeight": "500",
              "height": 18,
              "letterSpacing": 0.7,
              "lineHeight": 18.15,
              "textAlign": "center",
              "width": 71,
            }
          }
        >
          All
        </Text>
      </View>
      <View
        style={
          {
            "alignItems": "center",
            "flex": 1,
            "justifyContent": "center",
          }
        }
      >
        <Text>
          Loading....
        </Text>
      </View>
    </View>
  </RCTScrollView>
</RNCSafeAreaView>
`;
